Sep 26 19:05:46 bump-ai kernel: audit: type=1400 audit(1790474746.457:8862): apparmor="STATUS" operation="profile_remove" profile="unconfined" name="libvirt-29a77eca-a5bc-4819-baf1-6ac9782ef129" pid=2021262 comm="apparmor_parser"
Sep 26 19:05:54 bump-ai kernel: python3 invoked oom-killer: gfp_mask=0x101cca(GFP_HIGHUSER_MOVABLE|__GFP_WRITE), order=3, oom_score_adj=0
Sep 26 19:05:54 bump-ai kernel: CPU: 16 UID: 0 PID: 2021587 Comm: python3 Not tainted 6.17.0-35-generic #35~24.04.1-Ubuntu PREEMPT(voluntary) 
Sep 26 19:05:54 bump-ai kernel: Hardware name: Framework Desktop (AMD Ryzen AI Max 300 Series)/FRANMFCP06, BIOS 03.04 11/19/2025
Sep 26 19:05:54 bump-ai kernel: Call Trace:
Sep 26 19:05:54 bump-ai kernel:  <TASK>
Sep 26 19:05:54 bump-ai kernel:  dump_stack_lvl+0x76/0xa0
Sep 26 19:05:54 bump-ai kernel:  dump_stack+0x10/0x20
Sep 26 19:05:54 bump-ai kernel:  dump_header+0x48/0x210
Sep 26 19:05:54 bump-ai kernel:  oom_kill_process+0x118/0x290
Sep 26 19:05:54 bump-ai kernel:  out_of_memory+0x101/0x340
Sep 26 19:05:54 bump-ai kernel:  mem_cgroup_out_of_memory+0x100/0x120
Sep 26 19:05:54 bump-ai kernel:  try_charge_memcg+0x469/0x730
Sep 26 19:05:54 bump-ai kernel:  charge_memcg+0x34/0x90
Sep 26 19:05:54 bump-ai kernel:  __mem_cgroup_charge+0x2d/0xa0
Sep 26 19:05:54 bump-ai kernel:  filemap_add_folio+0x46/0xf0
Sep 26 19:05:54 bump-ai kernel:  __filemap_get_folio+0x1c4/0x340
Sep 26 19:05:54 bump-ai kernel:  ext4_da_write_begin+0x150/0x350
Sep 26 19:05:54 bump-ai kernel:  generic_perform_write+0x136/0x2d0
Sep 26 19:05:54 bump-ai kernel:  ? current_time+0x3b/0x120
Sep 26 19:05:54 bump-ai kernel:  ext4_buffered_write_iter+0x6d/0x140
Sep 26 19:05:54 bump-ai kernel:  ext4_file_write_iter+0xaf/0x110
Sep 26 19:05:54 bump-ai kernel:  vfs_write+0x29b/0x480
Sep 26 19:05:54 bump-ai kernel:  ksys_write+0x71/0xf0
Sep 26 19:05:54 bump-ai kernel:  __x64_sys_write+0x19/0x30
Sep 26 19:05:54 bump-ai kernel:  x64_sys_call+0x79/0x2680
Sep 26 19:05:54 bump-ai kernel:  do_syscall_64+0x80/0xa20
Sep 26 19:05:54 bump-ai kernel:  ? vfs_read+0x173/0x390
Sep 26 19:05:54 bump-ai kernel:  ? vfs_read+0x173/0x390
Sep 26 19:05:54 bump-ai kernel:  ? ksys_read+0x71/0xf0
Sep 26 19:05:54 bump-ai kernel:  ? arch_exit_to_user_mode_prepare.isra.0+0xd/0xe0
Sep 26 19:05:54 bump-ai kernel:  ? do_syscall_64+0xb6/0xa20
Sep 26 19:05:54 bump-ai kernel:  ? irqentry_exit_to_user_mode+0x2d/0x1d0
Sep 26 19:05:54 bump-ai kernel:  ? irqentry_exit+0x43/0x50
Sep 26 19:05:54 bump-ai kernel:  entry_SYSCALL_64_after_hwframe+0x76/0x7e
Sep 26 19:05:54 bump-ai kernel: RIP: 0033:0x7669cdf1c844
Sep 26 19:05:54 bump-ai kernel: Code: c7 00 16 00 00 00 b8 ff ff ff ff c3 66 2e 0f 1f 84 00 00 00 00 00 f3 0f 1e fa 80 3d 05 f8 0e 00 00 74 13 b8 01 00 00 00 0f 05 <48> 3d 00 f0 ff ff 77 54 c3 0f 1f 00 55 48 89 e5 48 83 ec 20 48 89
Sep 26 19:05:54 bump-ai kernel: RSP: 002b:00007fff72fb3178 EFLAGS: 00000202 ORIG_RAX: 0000000000000001
Sep 26 19:05:54 bump-ai kernel: RAX: ffffffffffffffda RBX: 00007669ce10eff8 RCX: 00007669cdf1c844
Sep 26 19:05:54 bump-ai kernel: RDX: 0000000000100000 RSI: 0000000015782bd0 RDI: 0000000000000004
Sep 26 19:05:54 bump-ai kernel: RBP: 00007fff72fb31c0 R08: 0000000000000000 R09: 0000000000000000
Sep 26 19:05:54 bump-ai kernel: R10: 0000000000000003 R11: 0000000000000202 R12: 0000000000100000
Sep 26 19:05:54 bump-ai kernel: R13: 0000000000000004 R14: 0000000015782bd0 R15: 0000000000ba6748
Sep 26 19:05:54 bump-ai kernel:  </TASK>
Sep 26 19:05:54 bump-ai kernel: memory: usage 983036kB, limit 983040kB, failcnt 10669
Sep 26 19:05:54 bump-ai kernel: swap: usage 0kB, limit 0kB, failcnt 0
Sep 26 19:05:54 bump-ai kernel: Memory cgroup stats for /eqemuvmhandoff01ctl.slice/eqemu-vm-handoff-cons01-worker.service:
Sep 26 19:05:54 bump-ai kernel: anon 13623296
Sep 26 19:05:54 bump-ai kernel: file 961085440
Sep 26 19:05:54 bump-ai kernel: kernel 31920128
Sep 26 19:05:54 bump-ai kernel: kernel_stack 0
Sep 26 19:05:54 bump-ai kernel: pagetables 114688
Sep 26 19:05:54 bump-ai kernel: sec_pagetables 0
Sep 26 19:05:54 bump-ai kernel: percpu 544
Sep 26 19:05:54 bump-ai kernel: sock 0
Sep 26 19:05:54 bump-ai kernel: vmalloc 0
Sep 26 19:05:54 bump-ai kernel: shmem 0
Sep 26 19:05:54 bump-ai kernel: zswap 0
Sep 26 19:05:54 bump-ai kernel: zswapped 0
Sep 26 19:05:54 bump-ai kernel: file_mapped 0
Sep 26 19:05:54 bump-ai kernel: file_dirty 927531008
Sep 26 19:05:54 bump-ai kernel: file_writeback 33554432
Sep 26 19:05:54 bump-ai kernel: swapcached 0
Sep 26 19:05:54 bump-ai kernel: anon_thp 0
Sep 26 19:05:54 bump-ai kernel: file_thp 0
Sep 26 19:05:54 bump-ai kernel: shmem_thp 0
Sep 26 19:05:54 bump-ai kernel: inactive_anon 233472
Sep 26 19:05:54 bump-ai kernel: active_anon 13389824
Sep 26 19:05:54 bump-ai kernel: inactive_file 961085440
Sep 26 19:05:54 bump-ai kernel: active_file 0
Sep 26 19:05:54 bump-ai kernel: unevictable 0
Sep 26 19:05:54 bump-ai kernel: slab_reclaimable 31768960
Sep 26 19:05:54 bump-ai kernel: slab_unreclaimable 32808
Sep 26 19:05:54 bump-ai kernel: slab 31801768
Sep 26 19:05:54 bump-ai kernel: workingset_refault_anon 0
Sep 26 19:05:54 bump-ai kernel: workingset_refault_file 16068
Sep 26 19:05:54 bump-ai kernel: workingset_activate_anon 0
Sep 26 19:05:54 bump-ai kernel: workingset_activate_file 0
Sep 26 19:05:54 bump-ai kernel: workingset_restore_anon 0
Sep 26 19:05:54 bump-ai kernel: workingset_restore_file 0
Sep 26 19:05:54 bump-ai kernel: workingset_nodereclaim 6528
Sep 26 19:05:54 bump-ai kernel: pgdemote_kswapd 0
Sep 26 19:05:54 bump-ai kernel: pgdemote_direct 0
Sep 26 19:05:54 bump-ai kernel: pgdemote_khugepaged 0
Sep 26 19:05:54 bump-ai kernel: pgdemote_proactive 0
Sep 26 19:05:54 bump-ai kernel: pgpromote_success 0
Sep 26 19:05:54 bump-ai kernel: pgscan 1944276
Sep 26 19:05:54 bump-ai kernel: pgsteal 1937556
Sep 26 19:05:54 bump-ai kernel: pswpin 0
Sep 26 19:05:54 bump-ai kernel: pswpout 0
Sep 26 19:05:54 bump-ai kernel: pgscan_kswapd 0
Sep 26 19:05:54 bump-ai kernel: pgscan_direct 1944276
Sep 26 19:05:54 bump-ai kernel: pgscan_khugepaged 0
Sep 26 19:05:54 bump-ai kernel: pgscan_proactive 0
Sep 26 19:05:54 bump-ai kernel: pgsteal_kswapd 0
Sep 26 19:05:54 bump-ai kernel: pgsteal_direct 1937556
Sep 26 19:05:54 bump-ai kernel: pgsteal_khugepaged 0
Sep 26 19:05:54 bump-ai kernel: pgsteal_proactive 0
Sep 26 19:05:54 bump-ai kernel: pgfault 4578
Sep 26 19:05:54 bump-ai kernel: pgmajfault 0
Sep 26 19:05:54 bump-ai kernel: pgrefill 513528639
Sep 26 19:05:54 bump-ai kernel: pgactivate 0
Sep 26 19:05:54 bump-ai kernel: pgdeactivate 0
Sep 26 19:05:54 bump-ai kernel: pglazyfree 0
Sep 26 19:05:54 bump-ai kernel: pglazyfreed 0
Sep 26 19:05:54 bump-ai kernel: swpin_zero 0
Sep 26 19:05:54 bump-ai kernel: swpout_zero 0
Sep 26 19:05:54 bump-ai kernel: zswpin 0
Sep 26 19:05:54 bump-ai kernel: zswpout 0
Sep 26 19:05:54 bump-ai kernel: zswpwb 0
Sep 26 19:05:54 bump-ai kernel: thp_fault_alloc 0
Sep 26 19:05:54 bump-ai kernel: thp_collapse_alloc 0
Sep 26 19:05:54 bump-ai kernel: thp_swpout 0
Sep 26 19:05:54 bump-ai kernel: thp_swpout_fallback 0
Sep 26 19:05:54 bump-ai kernel: numa_pages_migrated 0
Sep 26 19:05:54 bump-ai kernel: numa_pte_updates 0
Sep 26 19:05:54 bump-ai kernel: numa_hint_faults 0
Sep 26 19:05:54 bump-ai kernel: Tasks state (memory values in pages):
Sep 26 19:05:54 bump-ai kernel: [  pid  ]   uid  tgid total_vm      rss rss_anon rss_file rss_shmem pgtables_bytes swapents oom_score_adj name
Sep 26 19:05:54 bump-ai kernel: [2021587]     0 2021587     8981     6098     3311     2787         0   110592        0             0 python3
Sep 26 19:05:54 bump-ai kernel: oom-kill:constraint=CONSTRAINT_MEMCG,nodemask=(null),cpuset=eqemuvmhandoff01ctl.slice,mems_allowed=0,oom_memcg=/eqemuvmhandoff01ctl.slice/eqemu-vm-handoff-cons01-worker.service,task_memcg=/eqemuvmhandoff01ctl.slice/eqemu-vm-handoff-cons01-worker.service,task=python3,pid=2021587,uid=0
Sep 26 19:05:54 bump-ai kernel: Memory cgroup out of memory: Killed process 2021587 (python3) total-vm:35924kB, anon-rss:13244kB, file-rss:11148kB, shmem-rss:0kB, UID:0 pgtables:108kB oom_score_adj:0
